// Jest Snapshot v1, https://goo.gl/fbAQLP

exports[`Carousel Snapshot should match snapshot 1`] = `
<div class="wrap">
  <div class="header-text-container">
    <h1>Responsive Carousel Test</h1>
  </div>
  <div class="carousel-wrap">
    <ul class="carousel-container" style="transform: translateX(100%);">
      <li class="carousel-item">
        <div class="carousel-item-container">
          <div class="carousel-img-container"><img src="https://pixabay.com/get/57e0d2414250a414f6da8c7dda793e781039dee3564c704c7d2c7cd19348c75a_1280.jpg"></div>
          <div class="carousel-item-text">
            <p>green, park, season</p>
          </div>
        </div>
      </li>
      <li class="carousel-item">
        <div class="carousel-item-container">
          <div class="carousel-img-container"><img src="https://pixabay.com/get/55e0d2444350a414f6da8c7dda793e781039dee3564c704c7d2c7cd19348c75a_1280.jpg"></div>
          <div class="carousel-item-text">
            <p>fantasy, beautiful, dawn</p>
          </div>
        </div>
      </li>
      <li class="carousel-item">
        <div class="carousel-item-container">
          <div class="carousel-img-container"><img src="https://pixabay.com/get/57e6dd474a57ae14f6da8c7dda793e781039dee3564c704c7d2c7cd19348c75a_1280.jpg"></div>
          <div class="carousel-item-text">
            <p>barley field, wheat, harvest</p>
          </div>
        </div>
      </li>
      <li class="carousel-item">
        <div class="carousel-item-container">
          <div class="carousel-img-container"><img src="https://pixabay.com/get/52e3dd474950b108f5d084609621317b133fd8e04e50744176287ed0924fc7_1280.jpg"></div>
          <div class="carousel-item-text">
            <p>forest, path, mystical</p>
          </div>
        </div>
      </li>
      <li class="carousel-item">
        <div class="carousel-item-container">
          <div class="carousel-img-container"><img src="https://pixabay.com/get/54e0dd434a55ae14f6da8c7dda793e781039dee3564c704c7d2c7cd19348c75a_1280.jpg"></div>
          <div class="carousel-item-text">
            <p>italy, sunrise, sky</p>
          </div>
        </div>
      </li>
      <li class="carousel-item">
        <div class="carousel-item-container">
          <div class="carousel-img-container"><img src="https://pixabay.com/get/57e0d4474d53ae14f6da8c7dda793e781039dee3564c704c7d2c7cd19348c75a_1280.jpg"></div>
          <div class="carousel-item-text">
            <p>sunrise, boat, rowing boat</p>
          </div>
        </div>
      </li>
    </ul>
    <div class="mobile-nav prev" style="display: none;"><img src="../assets/arrow.svg"></div>
    <div class="mobile-nav next" style="display: none;"><img src="../assets/arrow.svg"></div>
  </div>
  <div class="lg-screen-nav-container"><button disabled="disabled">Prev</button> <button disabled="disabled">Next</button></div>
</div>
`;
